                                      1 ;--------------------------------------------------------
                                      2 ; File Created by SDCC : free open source ISO C Compiler 
                                      3 ; Version 4.3.0 #14184 (MINGW64)
                                      4 ;--------------------------------------------------------
                                      5 	.module usb_descr
                                      6 	.optsdcc -mmcs51 --model-small
                                      7 	
                                      8 ;--------------------------------------------------------
                                      9 ; Public variables in this module
                                     10 ;--------------------------------------------------------
                                     11 	.globl _InterfDescr
                                     12 	.globl _SerDescr
                                     13 	.globl _ProdDescr
                                     14 	.globl _ManufDescr
                                     15 	.globl _LangDescr
                                     16 	.globl _ReportDescrLen
                                     17 	.globl _ReportDescr
                                     18 	.globl _CfgDescr
                                     19 	.globl _DevDescr
                                     20 ;--------------------------------------------------------
                                     21 ; special function registers
                                     22 ;--------------------------------------------------------
                                     23 	.area RSEG    (ABS,DATA)
      000000                         24 	.org 0x0000
                                     25 ;--------------------------------------------------------
                                     26 ; special function bits
                                     27 ;--------------------------------------------------------
                                     28 	.area RSEG    (ABS,DATA)
      000000                         29 	.org 0x0000
                                     30 ;--------------------------------------------------------
                                     31 ; overlayable register banks
                                     32 ;--------------------------------------------------------
                                     33 	.area REG_BANK_0	(REL,OVR,DATA)
      000000                         34 	.ds 8
                                     35 ;--------------------------------------------------------
                                     36 ; internal ram data
                                     37 ;--------------------------------------------------------
                                     38 	.area DSEG    (DATA)
                                     39 ;--------------------------------------------------------
                                     40 ; overlayable items in internal ram
                                     41 ;--------------------------------------------------------
                                     42 ;--------------------------------------------------------
                                     43 ; indirectly addressable internal ram data
                                     44 ;--------------------------------------------------------
                                     45 	.area ISEG    (DATA)
                                     46 ;--------------------------------------------------------
                                     47 ; absolute internal ram data
                                     48 ;--------------------------------------------------------
                                     49 	.area IABS    (ABS,DATA)
                                     50 	.area IABS    (ABS,DATA)
                                     51 ;--------------------------------------------------------
                                     52 ; bit data
                                     53 ;--------------------------------------------------------
                                     54 	.area BSEG    (BIT)
                                     55 ;--------------------------------------------------------
                                     56 ; paged external ram data
                                     57 ;--------------------------------------------------------
                                     58 	.area PSEG    (PAG,XDATA)
                                     59 ;--------------------------------------------------------
                                     60 ; uninitialized external ram data
                                     61 ;--------------------------------------------------------
                                     62 	.area XSEG    (XDATA)
                                     63 ;--------------------------------------------------------
                                     64 ; absolute external ram data
                                     65 ;--------------------------------------------------------
                                     66 	.area XABS    (ABS,XDATA)
                                     67 ;--------------------------------------------------------
                                     68 ; initialized external ram data
                                     69 ;--------------------------------------------------------
                                     70 	.area HOME    (CODE)
                                     71 	.area GSINIT0 (CODE)
                                     72 	.area GSINIT1 (CODE)
                                     73 	.area GSINIT2 (CODE)
                                     74 	.area GSINIT3 (CODE)
                                     75 	.area GSINIT4 (CODE)
                                     76 	.area GSINIT5 (CODE)
                                     77 	.area GSINIT  (CODE)
                                     78 	.area GSFINAL (CODE)
                                     79 	.area CSEG    (CODE)
                                     80 ;--------------------------------------------------------
                                     81 ; global & static initialisations
                                     82 ;--------------------------------------------------------
                                     83 	.area HOME    (CODE)
                                     84 	.area GSINIT  (CODE)
                                     85 	.area GSFINAL (CODE)
                                     86 	.area GSINIT  (CODE)
                                     87 ;--------------------------------------------------------
                                     88 ; Home
                                     89 ;--------------------------------------------------------
                                     90 	.area HOME    (CODE)
                                     91 	.area HOME    (CODE)
                                     92 ;--------------------------------------------------------
                                     93 ; code
                                     94 ;--------------------------------------------------------
                                     95 	.area CSEG    (CODE)
                                     96 	.area CSEG    (CODE)
                                     97 	.area CONST   (CODE)
      000000                         98 _DevDescr:
      000000 12                      99 	.db #0x12	; 18
      000001 01                     100 	.db #0x01	; 1
      000002 10 01                  101 	.byte #0x10, #0x01	; 272
      000004 00                     102 	.db #0x00	; 0
      000005 00                     103 	.db #0x00	; 0
      000006 00                     104 	.db #0x00	; 0
      000007 40                     105 	.db #0x40	; 64
      000008 C0 16                  106 	.byte #0xc0, #0x16	; 5824
      00000A DB 27                  107 	.byte #0xdb, #0x27	; 10203
      00000C 00 01                  108 	.byte #0x00, #0x01	; 256
      00000E 01                     109 	.db #0x01	; 1
      00000F 02                     110 	.db #0x02	; 2
      000010 03                     111 	.db #0x03	; 3
      000011 01                     112 	.db #0x01	; 1
      000012                        113 _CfgDescr:
      000012 09                     114 	.db #0x09	; 9
      000013 02                     115 	.db #0x02	; 2
      000014 29 00                  116 	.byte #0x29, #0x00	; 41
      000016 01                     117 	.db #0x01	; 1
      000017 01                     118 	.db #0x01	; 1
      000018 00                     119 	.db #0x00	; 0
      000019 80                     120 	.db #0x80	; 128
      00001A 19                     121 	.db #0x19	; 25
      00001B 09                     122 	.db #0x09	; 9
      00001C 04                     123 	.db #0x04	; 4
      00001D 00                     124 	.db #0x00	; 0
      00001E 00                     125 	.db #0x00	; 0
      00001F 02                     126 	.db #0x02	; 2
      000020 03                     127 	.db #0x03	; 3
      000021 01                     128 	.db #0x01	; 1
      000022 01                     129 	.db #0x01	; 1
      000023 04                     130 	.db #0x04	; 4
      000024 09                     131 	.db #0x09	; 9
      000025 21                     132 	.db #0x21	; 33
      000026 10 01                  133 	.byte #0x10, #0x01	; 272
      000028 21                     134 	.db #0x21	; 33
      000029 01                     135 	.db #0x01	; 1
      00002A 22                     136 	.db #0x22	; 34
      00002B 5F 00                  137 	.byte #0x5f, #0x00	; 95
      00002D 07                     138 	.db #0x07	; 7
      00002E 05                     139 	.db #0x05	; 5
      00002F 81                     140 	.db #0x81	; 129
      000030 03                     141 	.db #0x03	; 3
      000031 10 00                  142 	.byte #0x10, #0x00	; 16
      000033 0A                     143 	.db #0x0a	; 10
      000034 07                     144 	.db #0x07	; 7
      000035 05                     145 	.db #0x05	; 5
      000036 02                     146 	.db #0x02	; 2
      000037 03                     147 	.db #0x03	; 3
      000038 10 00                  148 	.byte #0x10, #0x00	; 16
      00003A 0A                     149 	.db #0x0a	; 10
      00003B                        150 _ReportDescr:
      00003B 05                     151 	.db #0x05	; 5
      00003C 01                     152 	.db #0x01	; 1
      00003D 09                     153 	.db #0x09	; 9
      00003E 06                     154 	.db #0x06	; 6
      00003F A1                     155 	.db #0xa1	; 161
      000040 01                     156 	.db #0x01	; 1
      000041 85                     157 	.db #0x85	; 133
      000042 01                     158 	.db #0x01	; 1
      000043 05                     159 	.db #0x05	; 5
      000044 07                     160 	.db #0x07	; 7
      000045 19                     161 	.db #0x19	; 25
      000046 E0                     162 	.db #0xe0	; 224
      000047 29                     163 	.db #0x29	; 41
      000048 E7                     164 	.db #0xe7	; 231
      000049 15                     165 	.db #0x15	; 21
      00004A 00                     166 	.db #0x00	; 0
      00004B 25                     167 	.db #0x25	; 37
      00004C 01                     168 	.db #0x01	; 1
      00004D 95                     169 	.db #0x95	; 149
      00004E 08                     170 	.db #0x08	; 8
      00004F 75                     171 	.db #0x75	; 117	'u'
      000050 01                     172 	.db #0x01	; 1
      000051 81                     173 	.db #0x81	; 129
      000052 02                     174 	.db #0x02	; 2
      000053 95                     175 	.db #0x95	; 149
      000054 01                     176 	.db #0x01	; 1
      000055 75                     177 	.db #0x75	; 117	'u'
      000056 08                     178 	.db #0x08	; 8
      000057 81                     179 	.db #0x81	; 129
      000058 03                     180 	.db #0x03	; 3
      000059 95                     181 	.db #0x95	; 149
      00005A 06                     182 	.db #0x06	; 6
      00005B 75                     183 	.db #0x75	; 117	'u'
      00005C 08                     184 	.db #0x08	; 8
      00005D 15                     185 	.db #0x15	; 21
      00005E 00                     186 	.db #0x00	; 0
      00005F 26                     187 	.db #0x26	; 38
      000060 FF                     188 	.db #0xff	; 255
      000061 00                     189 	.db #0x00	; 0
      000062 05                     190 	.db #0x05	; 5
      000063 07                     191 	.db #0x07	; 7
      000064 19                     192 	.db #0x19	; 25
      000065 00                     193 	.db #0x00	; 0
      000066 29                     194 	.db #0x29	; 41
      000067 E7                     195 	.db #0xe7	; 231
      000068 81                     196 	.db #0x81	; 129
      000069 00                     197 	.db #0x00	; 0
      00006A 05                     198 	.db #0x05	; 5
      00006B 08                     199 	.db #0x08	; 8
      00006C 19                     200 	.db #0x19	; 25
      00006D 01                     201 	.db #0x01	; 1
      00006E 29                     202 	.db #0x29	; 41
      00006F 05                     203 	.db #0x05	; 5
      000070 15                     204 	.db #0x15	; 21
      000071 00                     205 	.db #0x00	; 0
      000072 25                     206 	.db #0x25	; 37
      000073 01                     207 	.db #0x01	; 1
      000074 95                     208 	.db #0x95	; 149
      000075 05                     209 	.db #0x05	; 5
      000076 75                     210 	.db #0x75	; 117	'u'
      000077 01                     211 	.db #0x01	; 1
      000078 91                     212 	.db #0x91	; 145
      000079 02                     213 	.db #0x02	; 2
      00007A 95                     214 	.db #0x95	; 149
      00007B 01                     215 	.db #0x01	; 1
      00007C 75                     216 	.db #0x75	; 117	'u'
      00007D 03                     217 	.db #0x03	; 3
      00007E 91                     218 	.db #0x91	; 145
      00007F 03                     219 	.db #0x03	; 3
      000080 C0                     220 	.db #0xc0	; 192
      000081 05                     221 	.db #0x05	; 5
      000082 0C                     222 	.db #0x0c	; 12
      000083 09                     223 	.db #0x09	; 9
      000084 01                     224 	.db #0x01	; 1
      000085 A1                     225 	.db #0xa1	; 161
      000086 01                     226 	.db #0x01	; 1
      000087 85                     227 	.db #0x85	; 133
      000088 02                     228 	.db #0x02	; 2
      000089 15                     229 	.db #0x15	; 21
      00008A 00                     230 	.db #0x00	; 0
      00008B 26                     231 	.db #0x26	; 38
      00008C FF                     232 	.db #0xff	; 255
      00008D 03                     233 	.db #0x03	; 3
      00008E 19                     234 	.db #0x19	; 25
      00008F 00                     235 	.db #0x00	; 0
      000090 2A                     236 	.db #0x2a	; 42
      000091 FF                     237 	.db #0xff	; 255
      000092 03                     238 	.db #0x03	; 3
      000093 95                     239 	.db #0x95	; 149
      000094 04                     240 	.db #0x04	; 4
      000095 75                     241 	.db #0x75	; 117	'u'
      000096 10                     242 	.db #0x10	; 16
      000097 81                     243 	.db #0x81	; 129
      000098 00                     244 	.db #0x00	; 0
      000099 C0                     245 	.db #0xc0	; 192
      00009A                        246 _ReportDescrLen:
      00009A 5F                     247 	.db #0x5f	; 95
      00009B                        248 _LangDescr:
      00009B 04 03                  249 	.byte #0x04, #0x03	; 772
      00009D 09 04                  250 	.byte #0x09, #0x04	; 1033
      00009F                        251 _ManufDescr:
      00009F 18 03                  252 	.byte #0x18, #0x03	; 792
      0000A1 6D 00                  253 	.byte #0x6d, #0x00	; 109
      0000A3 6D 00                  254 	.byte #0x6d, #0x00	; 109
      0000A5 6D 00                  255 	.byte #0x6d, #0x00	; 109
      0000A7 6D 00                  256 	.byte #0x6d, #0x00	; 109
      0000A9 6D 00                  257 	.byte #0x6d, #0x00	; 109
      0000AB 6D 00                  258 	.byte #0x6d, #0x00	; 109
      0000AD 2A 00                  259 	.byte #0x2a, #0x00	; 42
      0000AF 2A 00                  260 	.byte #0x2a, #0x00	; 42
      0000B1 2A 00                  261 	.byte #0x2a, #0x00	; 42
      0000B3 38 00                  262 	.byte #0x38, #0x00	; 56
      0000B5 72 00                  263 	.byte #0x72, #0x00	; 114
      0000B7                        264 _ProdDescr:
      0000B7 12 03                  265 	.byte #0x12, #0x03	; 786
      0000B9 4D 00                  266 	.byte #0x4d, #0x00	; 77
      0000BB 61 00                  267 	.byte #0x61, #0x00	; 97
      0000BD 63 00                  268 	.byte #0x63, #0x00	; 99
      0000BF 72 00                  269 	.byte #0x72, #0x00	; 114
      0000C1 6F 00                  270 	.byte #0x6f, #0x00	; 111
      0000C3 50 00                  271 	.byte #0x50, #0x00	; 80
      0000C5 61 00                  272 	.byte #0x61, #0x00	; 97
      0000C7 64 00                  273 	.byte #0x64, #0x00	; 100
      0000C9                        274 _SerDescr:
      0000C9 14 03                  275 	.byte #0x14, #0x03	; 788
      0000CB 43 00                  276 	.byte #0x43, #0x00	; 67
      0000CD 48 00                  277 	.byte #0x48, #0x00	; 72
      0000CF 35 00                  278 	.byte #0x35, #0x00	; 53
      0000D1 35 00                  279 	.byte #0x35, #0x00	; 53
      0000D3 32 00                  280 	.byte #0x32, #0x00	; 50
      0000D5 78 00                  281 	.byte #0x78, #0x00	; 120
      0000D7 48 00                  282 	.byte #0x48, #0x00	; 72
      0000D9 49 00                  283 	.byte #0x49, #0x00	; 73
      0000DB 44 00                  284 	.byte #0x44, #0x00	; 68
      0000DD                        285 _InterfDescr:
      0000DD 1A 03                  286 	.byte #0x1a, #0x03	; 794
      0000DF 48 00                  287 	.byte #0x48, #0x00	; 72
      0000E1 49 00                  288 	.byte #0x49, #0x00	; 73
      0000E3 44 00                  289 	.byte #0x44, #0x00	; 68
      0000E5 2D 00                  290 	.byte #0x2d, #0x00	; 45
      0000E7 4B 00                  291 	.byte #0x4b, #0x00	; 75
      0000E9 65 00                  292 	.byte #0x65, #0x00	; 101
      0000EB 79 00                  293 	.byte #0x79, #0x00	; 121
      0000ED 62 00                  294 	.byte #0x62, #0x00	; 98
      0000EF 6F 00                  295 	.byte #0x6f, #0x00	; 111
      0000F1 61 00                  296 	.byte #0x61, #0x00	; 97
      0000F3 72 00                  297 	.byte #0x72, #0x00	; 114
      0000F5 64 00                  298 	.byte #0x64, #0x00	; 100
                                    299 	.area CABS    (ABS,CODE)
